[www.inceptionroleplay.com/index.html]
[backblue.gif]
[fade.gif]
[index.html]
[www.inceptionroleplay.com/images/logo.png]
[unpkg.com/swiper@6.3.5/swiper-bundle.min.css]
[www.inceptionroleplay.com/style.less]
[www.inceptionroleplay.com/frameworks/fontawesome.css]
[www.inceptionroleplay.com/frameworks/fontawesome.brands.css]
[unpkg.com/swiper@6.3.5/swiper-bundle.min.js]
[rawgit.com/josephg/noisejs/master/perlin.js]
[www.inceptionroleplay.com/frameworks/preact.min.js]
[www.inceptionroleplay.com/pages/index.js]
[www.inceptionroleplay.com/frameworks/canvas/canvas-1.js]
[www.inceptionroleplay.com/index.html]
[unpkg.com/swiper@6.3.5/swiper-bundle.min.css]
[www.inceptionroleplay.com/frameworks/less.min.js]
[www.inceptionroleplay.com/fonts/fa-brands-400.eot]
[www.inceptionroleplay.com/fonts/fa-brands-400d41d.eot]
[www.inceptionroleplay.com/fonts/fa-brands-400.woff2]
[www.inceptionroleplay.com/fonts/fa-brands-400.woff]
[www.inceptionroleplay.com/fonts/fa-brands-400.ttf]
[www.inceptionroleplay.com/fonts/fa-brands-400.svg]
[www.inceptionroleplay.com/fonts/fa-regular-400.eot]
[www.inceptionroleplay.com/fonts/fa-regular-400d41d.eot]
[www.inceptionroleplay.com/fonts/fa-regular-400.woff2]
[www.inceptionroleplay.com/fonts/fa-regular-400.woff]
[www.inceptionroleplay.com/fonts/fa-regular-400.ttf]
[www.inceptionroleplay.com/fonts/fa-regular-400.svg]
[www.inceptionroleplay.com/fonts/fa-solid-900.eot]
[www.inceptionroleplay.com/fonts/fa-solid-900d41d.eot]
[www.inceptionroleplay.com/fonts/fa-solid-900.woff2]
[www.inceptionroleplay.com/fonts/fa-solid-900.woff]
[www.inceptionroleplay.com/fonts/fa-solid-900.ttf]
[www.inceptionroleplay.com/frameworks/fontawesome.css]
[www.inceptionroleplay.com/frameworks/fontawesome.brands.css]
[www.inceptionroleplay.com/fonts/fa-brands-400.svg]
[www.inceptionroleplay.com/fonts/fa-regular-400.html]
[www.inceptionroleplay.com/fonts/fa-regular-400d41d.html]
[www.inceptionroleplay.com/fonts/fa-regular-401.html]
[www.inceptionroleplay.com/fonts/fa-regular-402.html]
[www.inceptionroleplay.com/fonts/fa-regular-403.html]
[www.inceptionroleplay.com/fonts/fa-regular-404.html]
[www.inceptionroleplay.com/fonts/fa-solid-900.svg]
[www.inceptionroleplay.com/fonts/fa-solid-900.svg]
